
============================================================
[LINE Official Account @bkchiangmai - MOCK NOTIFICATION]
------------------------------------------------------------
🔔 แจ้งเตือนการลงทะเบียนเรียนสมาธิฟรี (ใหม่)
👤 ชื่อ-นามสกุล: ทดสอบ ระบบ
📞 เบอร์โทรศัพท์: 0898765432
💬 LINE ID: test_line
🌐 ภาษาที่เรียน: ภาษาไทย
📍 สถานที่/รูปแบบ: ศูนย์ในเมืองเชียงใหม่ (ถ.โชตนา)
⏰ วันเวลาสมัคร: 13/7/2569 20:16:25
============================================================


============================================================
[LINE Official Account @bkchiangmai - MOCK NOTIFICATION]
------------------------------------------------------------
🔔 แจ้งเตือนการลงทะเบียนเรียนสมาธิฟรี (ใหม่)
👤 ชื่อ-นามสกุล: Test User
📞 เบอร์โทรศัพท์: 0812345678
💬 LINE ID: test_line
🌐 ภาษาที่เรียน: ภาษาไทย
📍 สถานที่/รูปแบบ: ศูนย์ในเมืองเชียงใหม่ (ถ.โชตนา)
⏰ วันเวลาสมัคร: 16/7/2569 13:26:04
============================================================

